Flutter crash report.
Please report a bug at https://github.com/flutter/flutter/issues.

## command

flutter create .

## exception

PathExistsException: PathExistsException: Creation failed, path = 'C:\Users\ENG.EMAD\Desktop\LWD_App\lib' (OS Error: Cannot create a file when that file already exists, errno = 183)

```
#0      _Directory.createSync (dart:io/directory_impl.dart:136:7)
#1      _File.createSync (dart:io/file_impl.dart:337:14)
#2      ForwardingFile.createSync (package:file/src/forwarding/forwarding_file.dart:26:16)
#3      ErrorHandlingFile.createSync.<anonymous closure> (package:flutter_tools/src/base/error_handling_io.dart:312:22)
#4      _runSync (package:flutter_tools/src/base/error_handling_io.dart:1118:16)
#5      ErrorHandlingFile.createSync (package:flutter_tools/src/base/error_handling_io.dart:311:5)
#6      Template.render.<anonymous closure> (package:flutter_tools/src/template.dart:350:28)
#7      _LinkedHashMapMixin.forEach (dart:_compact_hash:721:13)
#8      Template.render (package:flutter_tools/src/template.dart:310:24)
#9      CreateBase.renderMerged (package:flutter_tools/src/commands/create_base.dart:452:21)
<asynchronous suspension>
#10     CreateBase.generateApp (package:flutter_tools/src/commands/create_base.dart:475:23)
<asynchronous suspension>
#11     CreateCommand.runCommand (package:flutter_tools/src/commands/create.dart:496:31)
<asynchronous suspension>
#12     FlutterCommand.run.<anonymous closure> (package:flutter_tools/src/runner/flutter_command.dart:1663:27)
<asynchronous suspension>
#13     AppContext.run.<anonymous closure> (package:flutter_tools/src/base/context.dart:154:19)
<asynchronous suspension>
#14     CommandRunner.runCommand (package:args/command_runner.dart:212:13)
<asynchronous suspension>
#15     FlutterCommandRunner.runCommand.<anonymous closure> (package:flutter_tools/src/runner/flutter_command_runner.dart:496:9)
<asynchronous suspension>
#16     AppContext.run.<anonymous closure> (package:flutter_tools/src/base/context.dart:154:19)
<asynchronous suspension>
#17     FlutterCommandRunner.runCommand (package:flutter_tools/src/runner/flutter_command_runner.dart:431:5)
<asynchronous suspension>
#18     FlutterCommandRunner.run.<anonymous closure> (package:flutter_tools/src/runner/flutter_command_runner.dart:307:33)
<asynchronous suspension>
#19     run.<anonymous closure>.<anonymous closure> (package:flutter_tools/runner.dart:104:11)
<asynchronous suspension>
#20     AppContext.run.<anonymous closure> (package:flutter_tools/src/base/context.dart:154:19)
<asynchronous suspension>
#21     main (package:flutter_tools/executable.dart:103:3)
<asynchronous suspension>
```

## flutter doctor

```
[32m[✓][39m Flutter (Channel stable, 3.47.2, on Microsoft Windows [Version 10.0.19045.6456], locale en-US) [272ms]
    [32m•[39m Flutter version 3.47.2 on channel stable at C:\Users\ENG.EMAD\devlop\flutter
    [32m•[39m Upstream repository https://github.com/flutter/flutter.git
    [32m•[39m Framework revision d3b14c8769 (3 weeks ago), 2026-08-26 16:07:51 -0700
    [32m•[39m Engine revision a804b26164
    [32m•[39m Dart version 3.13.2
    [32m•[39m DevTools version 2.60.0
    [32m•[39m Feature flags: enable-web, enable-linux-desktop, enable-macos-desktop, enable-windows-desktop, enable-android,
      enable-ios, cli-animations, enable-native-assets, enable-record-use, enable-swift-package-manager,
      omit-legacy-version-file, enable-lldb-debugging, enable-uiscene-migration

[32m[✓][39m Windows Version (10 Pro 64-bit, 22H2, 2009) [1,245ms]

[33m[!][39m Android toolchain - develop for Android devices (Android SDK version 36.0.0) [575ms]
    [32m•[39m Android SDK at C:\Users\ENG.EMAD\AppData\Local\Android\Sdk
    [32m•[39m Emulator version 37.1.11.0 (build_id 15917651) (CL:N/A)
    [32m•[39m Platform android-37.2-beta3, build-tools 36.0.0
    [32m•[39m Java binary at: C:\Program Files\Android\Android Studio\jbr\bin\java
      This is the JDK bundled with the latest Android Studio installation on this machine.
      To manually set the JDK path, use: `flutter config --jdk-dir="path/to/jdk"`.
    [32m•[39m Java version OpenJDK Runtime Environment (build 25.0.2+-15348964-b329.117)
    [31m✗[39m Android license status unknown.
      Run `flutter doctor --android-licenses` to accept the SDK licenses.
      See https://flutter.dev/to/windows-android-setup for more details.

[32m[✓][39m Chrome - develop for the web [13ms]
    [32m•[39m Chrome at C:\Program Files (x86)\Google\Chrome\Application\chrome.exe

[31m[✗][39m Visual Studio - develop Windows apps [12ms]
    [31m✗[39m Visual Studio not installed; this is necessary to develop Windows apps.
      Download at https://visualstudio.microsoft.com/downloads/.
      Please install the "Desktop development with C++" workload, including all of its default components

[32m[✓][39m Connected device (3 available) [204ms]
    [32m•[39m Windows (desktop) • windows • windows-x64    • Microsoft Windows [Version 10.0.19045.6456]
    [32m•[39m Chrome (web)      • chrome  • web-javascript • Google Chrome 152.0.7977.83
    [32m•[39m Edge (web)        • edge    • web-javascript • Microsoft Edge 150.0.4078.48

[32m[✓][39m Network resources [619ms]
    [32m•[39m All expected network resources are available.

[33m![39m Doctor found issues in 2 categories.
```
